   <p class="equations">
    <var>x</var><sub>new</sub> = <var>a</var> <var>x</var> + <var>c</var> <var>y</var> + <var>e</var><br>
    <var>y</var><sub>new</sub> = <var>b</var> <var>x</var> + <var>d</var> <var>y</var> + <var>f</var>
   </p>

   <pre><code class="html">&lt;pre><br>Hello&lt;/pre></code></pre>
