<p>
 test
</p>

<p>
 <span>test</span>
</p>

<dd>
 test
</dd>

<dd>
 <span>test</span>
</dd>
