  <svg>
   <g transform="translate(0.5,0.5)" class="caller">
    <rect width="180" height="50"/>
    <foreignObject width="180" height="50">
     <span xmlns="http://www.w3.org/1999/xhtml">fetch an external module script graph</span>
    </foreignObject>
   </g>
  </svg>
